=== R1CS Sparse Mat-Vec 비용 벤치마크 ===
Curve: BN254   Field: Fr   density(random) = 4   repeats=3 (median)

[ Structured 회로 (대각 희소, S = N) ]
N             S      mul(ms)     sort(ms)      red(ms)    total(ms)
────────────────────────────────────────────────────────────────────
16           16       0.001        0.004        0.004        0.008
32           32       0.001        0.006        0.007        0.014
64           64       0.003        0.010        0.011        0.024
128         128       0.003        0.018        0.018        0.039
256         256       0.010        0.029        0.030        0.068
512         512       0.020        0.064        0.060        0.144
1024       1024       0.039        0.123        0.105        0.266
2048       2048       0.073        0.198        0.235        0.505
4096       4096       0.095        0.539        0.462        1.096
8192       8192       0.179        1.158        0.934        2.271
16384     16384       0.422        2.734        2.782        5.938
32768     32768       1.021        7.593        6.863       15.477
65536     65536       1.750       24.646       25.034       51.430
131072   131072       3.599       77.460       82.135      163.194
262144   262144      10.927      191.392      186.912      389.231
524288   524288      21.241      479.157      471.474      971.872
1048576  1048576      42.954     1025.332     1323.474     2391.760

[ Random Sparse 회로 (S = N × 4) ]
N               S      mul(ms)     sort(ms)      red(ms)    total(ms)
────────────────────────────────────────────────────────────────────
16             64       0.002        0.008        0.008        0.017
32            128       0.003        0.014        0.014        0.030
64            256       0.006        0.026        0.026        0.058
128           512       0.011        0.058        0.051        0.120
256          1024       0.024        0.100        0.102        0.226
512          2048       0.048        1.123        1.133        2.304
1024         4096       0.096        1.536        1.809        3.441
2048         8192       0.192        2.376        1.041        3.609
4096        16384       0.386        3.816        2.593        6.795
8192        32768       0.778        8.557       12.143       21.478
16384       65536       1.591       26.016       25.668       53.276
32768      131072       3.522       66.241       68.380      138.143
65536      262144      12.799      179.883      180.071      372.753
131072     524288      14.615      442.476      438.461      895.553
262144    1048576      27.553     1153.815     1316.807     2498.175
524288    2097152      98.833     2518.127     2191.534     4808.494
1048576   4194304     166.337     4536.917     4646.749     9350.002

CSV: cargo run --bin r1cs_bench --release -- 20 4 2> r1cs_bench.csv
