=== R1CS Sparse Mat-Vec 비용 벤치마크 ===
Curve: BN254   Field: Fr   density(random) = 4   repeats=3 (median)

[ Structured 회로 (대각 희소, S = N) ]
N             S      mul(ms)     sort(ms)      red(ms)    total(ms)
────────────────────────────────────────────────────────────────────
16           16       0.001        0.003        0.004        0.007
32           32       0.001        0.006        0.006        0.013
64           64       0.003        0.010        0.010        0.023
128         128       0.003        0.018        0.017        0.037
256         256       0.009        0.027        0.028        0.064
512         512       0.011        0.056        0.055        0.121
1024       1024       0.038        0.164        0.158        0.359
2048       2048       0.073        0.200        0.298        0.571
4096       4096       0.097        0.493        0.445        1.035
8192       8192       0.282        1.118        1.393        2.793
16384     16384       0.688        2.065        2.606        5.358
32768     32768       1.382        5.733        7.088       14.203
65536     65536       3.122       26.287       31.117       60.526
131072   131072       4.548       87.986      150.034      242.568
262144   262144      13.975      244.495      196.843      455.313
524288   524288      21.262      554.806      572.499     1148.567
1048576  1048576      50.809     1280.085     1289.678     2620.572
2097152  2097152      97.870     2759.697     2812.096     5669.663
4194304  4194304     196.385     5769.841     5925.636    11891.862

[ Random Sparse 회로 (S = N × 4) ]
N               S      mul(ms)     sort(ms)      red(ms)    total(ms)
────────────────────────────────────────────────────────────────────
16             64       0.002        0.012        0.011        0.025
32            128       0.004        0.019        0.019        0.043
64            256       0.008        0.039        0.036        0.083
128           512       0.016        0.080        0.072        0.168
256          1024       0.034        0.147        0.144        0.324
512          2048       0.068        0.431        0.562        1.061
1024         4096       0.137        1.893        1.247        3.277
2048         8192       0.261        1.861        4.119        6.242
4096        16384       0.495        4.700        4.669        9.865
8192        32768       0.969        6.219       13.208       20.396
16384       65536       2.145       28.316       29.101       59.562
32768      131072       4.099       68.149       70.383      142.631
65536      262144      15.058      213.892      211.390      440.341
131072     524288      16.581      540.969      531.391     1088.940
262144    1048576      32.536     1181.466     1203.900     2417.902
524288    2097152      61.998     2544.363     2612.589     5218.950
1048576   4194304     123.254     5829.862     5650.357    11603.473
2097152   8388608     405.618    11590.053    10639.474    22635.145
4194304  16777216     765.775    27188.481    29999.570    57953.826

CSV: cargo run --bin r1cs_bench --release -- 22 4 2> r1cs_bench.csv
