   Compiling proc-macro2 v1.0.106
   Compiling quote v1.0.45
   Compiling zerocopy v0.8.48
   Compiling crossbeam-utils v0.8.21
   Compiling generic-array v0.14.7
   Compiling num-traits v0.2.19
   Compiling rayon-core v1.12.1
   Compiling paste v1.0.15
   Compiling libc v0.2.186
   Compiling ahash v0.8.12
   Compiling crossbeam-epoch v0.9.18
   Compiling syn v2.0.117
   Compiling crypto-common v0.1.7
   Compiling block-buffer v0.10.4
   Compiling digest v0.10.7
   Compiling num-integer v0.1.46
   Compiling crossbeam-deque v0.8.6
   Compiling cpufeatures v0.2.17
   Compiling syn v1.0.109
   Compiling keccak v0.1.6
   Compiling num-bigint v0.4.6
   Compiling sha2 v0.10.9
   Compiling rayon v1.10.0
   Compiling blake2 v0.10.6
   Compiling derivative v2.2.0
   Compiling ppv-lite86 v0.2.21
   Compiling enum-ordinalize-derive v4.3.2
   Compiling zeroize_derive v1.4.3
   Compiling ark-serialize-derive v0.5.0
   Compiling ark-ff-macros v0.5.0
   Compiling ark-ff-asm v0.5.0
   Compiling rand_chacha v0.3.1
   Compiling rand v0.8.6
   Compiling ark-crypto-primitives-macros v0.5.0
   Compiling ark-std v0.5.0
   Compiling ark-serialize v0.5.0
   Compiling enum-ordinalize v4.3.2
   Compiling educe v0.6.0
   Compiling zeroize v1.8.2
   Compiling merlin v3.0.0
   Compiling ark-ff v0.5.0
   Compiling ark-poly v0.5.0
   Compiling ark-relations v0.5.1
   Compiling ark-snark v0.5.1
   Compiling ark-ec v0.5.0
   Compiling ark-crypto-primitives v0.5.0
   Compiling ark-bn254 v0.5.0
   Compiling ark-groth16 v0.5.0
   Compiling rw-groth16 v0.1.0 (/work)
    Finished `release` profile [optimized] target(s) in 18.34s
