	Command being timed: "target-linux/release/rw_prove_only --prove 23 Experiments/rw_prove_only_23_data 0"
	User time (seconds): 2637.88
	System time (seconds): 74.17
	Percent of CPU this job got: 99%
	Elapsed (wall clock) time (h:mm:ss or m:ss): 45:20.01
	Average shared text size (kbytes): 0
	Average unshared data size (kbytes): 0
	Average stack size (kbytes): 0
	Average total size (kbytes): 0
	Maximum resident set size (kbytes): 29828
	Average resident set size (kbytes): 0
	Major (requiring I/O) page faults: 6
	Minor (reclaiming a frame) page faults: 639284
	Voluntary context switches: 57058
	Involuntary context switches: 22981
	Swaps: 0
	File system inputs: 2097152
	File system outputs: 438697984
	Socket messages sent: 0
	Socket messages received: 0
	Signals delivered: 0
	Page size (bytes): 4096
	Exit status: 0
