Command terminated by signal 9
	Command being timed: "target-linux/release/rw_prove_only --prove 20 Experiments/rw_prove_only_20_data 0"
	User time (seconds): 11.37
	System time (seconds): 6.58
	Percent of CPU this job got: 59%
	Elapsed (wall clock) time (h:mm:ss or m:ss): 0:30.28
	Average shared text size (kbytes): 0
	Average unshared data size (kbytes): 0
	Average stack size (kbytes): 0
	Average total size (kbytes): 0
	Maximum resident set size (kbytes): 3228
	Average resident set size (kbytes): 0
	Major (requiring I/O) page faults: 606
	Minor (reclaiming a frame) page faults: 7164
	Voluntary context switches: 6273
	Involuntary context switches: 11201
	Swaps: 0
	File system inputs: 84840
	File system outputs: 11079728
	Socket messages sent: 0
	Socket messages received: 0
	Signals delivered: 0
	Page size (bytes): 4096
	Exit status: 0
