	Command being timed: "target-linux/release/rw_prove_only --prove 20 Experiments/rw_prove_only_20_data 0"
	User time (seconds): 313.82
	System time (seconds): 10.51
	Percent of CPU this job got: 85%
	Elapsed (wall clock) time (h:mm:ss or m:ss): 6:17.70
	Average shared text size (kbytes): 0
	Average unshared data size (kbytes): 0
	Average stack size (kbytes): 0
	Average total size (kbytes): 0
	Maximum resident set size (kbytes): 30304
	Average resident set size (kbytes): 0
	Major (requiring I/O) page faults: 274
	Minor (reclaiming a frame) page faults: 102893
	Voluntary context switches: 17899
	Involuntary context switches: 7060
	Swaps: 0
	File system inputs: 793664
	File system outputs: 48316416
	Socket messages sent: 0
	Socket messages received: 0
	Signals delivered: 0
	Page size (bytes): 4096
	Exit status: 0
