Command terminated by signal 9
	Command being timed: "target-linux/release/std_prove_only --prove 23 Experiments/std_prove_only_23_data 0"
	User time (seconds): 15.57
	System time (seconds): 5.37
	Percent of CPU this job got: 96%
	Elapsed (wall clock) time (h:mm:ss or m:ss): 0:21.61
	Average shared text size (kbytes): 0
	Average unshared data size (kbytes): 0
	Average stack size (kbytes): 0
	Average total size (kbytes): 0
	Maximum resident set size (kbytes): 8354600
	Average resident set size (kbytes): 0
	Major (requiring I/O) page faults: 1453
	Minor (reclaiming a frame) page faults: 1015239
	Voluntary context switches: 2139
	Involuntary context switches: 67706
	Swaps: 0
	File system inputs: 0
	File system outputs: 0
	Socket messages sent: 0
	Socket messages received: 0
	Signals delivered: 0
	Page size (bytes): 4096
	Exit status: 0
