=== SBM NTT Microbenchmark ===
Curve: BN254  Field: Fr (254-bit)  repeats=3 (median)

N           log₂N     RW-NTT(ms)    ark-FFT(ms)   passes    I/O bytes(th)    match
──────────────────────────────────────────────────────────────────────────────────
16              4         0.013          0.002        4             2048        ✓
32              5         0.019          0.004        5             5120        ✓
64              6         0.032          0.008        6            12288        ✓
128             7         0.049          0.018        7            28672        ✓
256             8         0.093          0.041        8            65536        ✓
512             9         0.181          0.094        9           147456        ✓
1024           10         0.400          0.227       10           327680        ✓
2048           11         0.888          0.522       11           720896        ✓
4096           12         2.035          1.171       12          1572864        ✓
8192           13         4.428          2.671       13          3407872        ✓
16384          14        10.272          5.626       14          7340032        ✓
32768          15        23.812         10.746       15         15728640        ✓
65536          16        59.645         23.200       16         33554432        ✓
131072         17       158.796         53.767       17         71303168        ✓
262144         18       390.655        115.285       18        150994944        ✓
524288         19       668.680        239.392       19        318767104        ✓
1048576        20      1353.642        550.195       20        671088640        ✓
2097152        21      3152.926       1118.213       21       1409286144        ✓
4194304        22      6743.347       2611.527       22       2952790016        ✓

모든 N에서 RW-NTT == ark-poly FFT 확인 ✓  (중앙값, 3회 반복)
CSV: cargo run --bin ntt_bench --release -- 22 3 2> ntt_bench.csv
