=== R1CS Sparse Mat-Vec 비용 벤치마크 ===
Curve: BN254   Field: Fr   density(random) = 4   repeats=5 (median)

[ Structured 회로 (대각 희소, S = N) ]
N             S      mul(ms)     sort(ms)      red(ms)    total(ms)
────────────────────────────────────────────────────────────────────
16           16       0.000        0.002        0.001        0.004
32           32       0.001        0.003        0.003        0.006
64           64       0.001        0.005        0.005        0.010
128         128       0.002        0.008        0.008        0.018
256         256       0.004        0.015        0.015        0.033
512         512       0.007        0.028        0.029        0.064
1024       1024       0.015        0.057        0.058        0.130
2048       2048       0.028        0.123        0.138        0.289
4096       4096       0.059        0.253        0.259        0.572
8192       8192       0.117        0.551        0.507        1.175
16384     16384       0.236        1.000        0.972        2.208

[ Random Sparse 회로 (S = N × 4) ]
N               S      mul(ms)     sort(ms)      red(ms)    total(ms)
────────────────────────────────────────────────────────────────────
16             64       0.001        0.004        0.004        0.009
32            128       0.002        0.007        0.007        0.016
64            256       0.004        0.014        0.014        0.031
128           512       0.007        0.028        0.026        0.061
256          1024       0.015        0.068        0.069        0.152
512          2048       0.029        0.141        0.144        0.314
1024         4096       0.058        0.281        0.305        0.643
2048         8192       0.118        0.622        0.703        1.443
4096        16384       0.243        1.285        1.456        2.985
8192        32768       0.490        2.872        3.006        6.367
16384       65536       1.000        6.205        6.652       13.857

CSV: cargo run --bin r1cs_bench --release -- 14 4 2> r1cs_bench.csv
